// Jest Snapshot v1, https://goo.gl/fbAQLP

exports[`<FavoritesLocations/> renders correctly 1`] = `
<li
  className="favorites__locations-items"
>
  <div
    className="favorites__locations locations locations--current"
  >
    <div
      className="locations__item"
    />
  </div>
  <div
    className="favorites__places"
  />
</li>
`;
